// Jest Snapshot v1, https://goo.gl/fbAQLP

exports[`Character Card Should render the Character Card component correctly 1`] = `
<View
  style={
    Array [
      Object {
        "alignSelf": "center",
        "backgroundColor": "#606268",
        "borderRadius": 10,
        "flexDirection": "row",
        "height": 230,
        "marginBottom": 10,
        "overflow": "hidden",
        "width": "95%",
      },
    ]
  }
>
  <View
    style={
      Array [
        Object {
          "height": "100%",
          "width": "40%",
        },
      ]
    }
  >
    <Image
      source={
        Object {
          "uri": "https://rickandmortyapi.com/api/location/64",
        }
      }
      style={
        Array [
          Object {
            "height": "100%",
            "width": "100%",
          },
        ]
      }
    />
  </View>
  <View
    style={
      Array [
        Object {
          "display": "flex",
          "flexBasis": 0,
          "flexDirection": "column",
          "flexGrow": 1,
          "flexShrink": 1,
          "height": "100%",
          "paddingLeft": 10,
        },
      ]
    }
  >
    <Text
      style={
        Array [
          Object {
            "color": "#fff",
            "fontSize": 20,
            "fontWeight": "700",
          },
        ]
      }
    >
      Rick
    </Text>
    <View
      style={
        Array [
          Object {
            "alignItems": "center",
            "display": "flex",
            "flexDirection": "row",
            "justifyContent": "flex-start",
            "marginBottom": 10,
            "width": "100%",
          },
        ]
      }
    >
      <View
        status="Alive"
        style={
          Array [
            Object {
              "backgroundColor": "#55cc44",
              "borderRadius": 3.5,
              "height": 7,
              "width": 7,
            },
          ]
        }
      />
      <Text
        style={
          Array [
            Object {
              "color": "#fff",
              "fontSize": 13,
              "marginLeft": 5,
            },
          ]
        }
      >
        Alive
         - 
        Human
      </Text>
    </View>
    <Text
      style={
        Array [
          Object {
            "color": "rgb(158, 158, 158)",
            "fontSize": 13,
            "fontWeight": "400",
          },
        ]
      }
    >
      Last known location:
    </Text>
    <Text
      style={
        Array [
          Object {
            "color": "#fff",
            "fontSize": 13,
            "marginBottom": 10,
          },
        ]
      }
    >
      Earth
    </Text>
    <Text
      style={
        Array [
          Object {
            "color": "rgb(158, 158, 158)",
            "fontSize": 13,
            "fontWeight": "400",
          },
        ]
      }
    >
      First seen in:
    </Text>
    <Text
      style={
        Array [
          Object {
            "color": "#fff",
            "fontSize": 13,
            "marginBottom": 10,
          },
        ]
      }
    >
      S01E01
    </Text>
    <Text
      style={
        Array [
          Object {
            "color": "rgb(158, 158, 158)",
            "fontSize": 13,
            "fontWeight": "400",
          },
        ]
      }
    >
      Present in Episodes:
    </Text>
    <Text
      style={
        Array [
          Object {
            "color": "#fff",
            "fontSize": 13,
            "marginBottom": 10,
          },
        ]
      }
    >
      Pilot | Lawnmower Dog
    </Text>
  </View>
</View>
`;
